Initialized native services in: C:\Users\sachi\.gradle\native
Initialized jansi services in: C:\Users\sachi\.gradle\native
Found daemon DaemonInfo{pid=27180, address=[a1618be2-cc27-4295-9ad6-b016ed6a9a5a port:60789, addresses:[/127.0.0.1]], state=Idle, lastBusy=1769888618400, context=DefaultDaemonContext[uid=e9029f31-e3bf-47b4-9065-1e069e1c41a8,javaHome=C:\Users\sachi\.antigravity\extensions\redhat.java-1.52.0-win32-x64\jre\21.0.9-win32-x86_64,javaVersion=21,javaVendor=Eclipse Adoptium,daemonRegistryDir=C:\Users\sachi\.gradle\daemon,pid=27180,idleTimeout=10800000,priority=NORMAL,applyInstrumentationAgent=true,nativeServicesMode=ENABLED,daemonOpts=-XX:MaxMetaspaceSize=384m,-XX:+HeapDumpOnOutOfMemoryError,-Xms256m,-Xmx512m,-Dfile.encoding=UTF-8,-Duser.country=US,-Duser.language=en,-Duser.variant]} however its context does not match the desired criteria.
JVM is incompatible.
Wanted: DaemonRequestContext{jvmCriteria=C:\Users\sachi\.jdks\openjdk-25.0.1 (no JDK specified, using current Java home), daemonOpts=[-XX:MaxMetaspaceSize=384m, -XX:+HeapDumpOnOutOfMemoryError, -Xms256m, -Xmx512m, -Dfile.encoding=UTF-8, -Duser.country=US, -Duser.language=en, -Duser.variant], applyInstrumentationAgent=true, nativeServicesMode=ENABLED, priority=NORMAL}
Actual: DefaultDaemonContext[uid=e9029f31-e3bf-47b4-9065-1e069e1c41a8,javaHome=C:\Users\sachi\.antigravity\extensions\redhat.java-1.52.0-win32-x64\jre\21.0.9-win32-x86_64,javaVersion=21,javaVendor=Eclipse Adoptium,daemonRegistryDir=C:\Users\sachi\.gradle\daemon,pid=27180,idleTimeout=10800000,priority=NORMAL,applyInstrumentationAgent=true,nativeServicesMode=ENABLED,daemonOpts=-XX:MaxMetaspaceSize=384m,-XX:+HeapDumpOnOutOfMemoryError,-Xms256m,-Xmx512m,-Dfile.encoding=UTF-8,-Duser.country=US,-Duser.language=en,-Duser.variant]

  Looking for a different daemon...
The client will now receive all logging from the daemon (pid: 7460). The daemon log file: C:\Users\sachi\.gradle\daemon\9.2.1\daemon-7460.out.log
Starting 21st build in daemon [uptime: 15 mins 54.411 secs, performance: 100%, GC rate: 0.00/s, heap usage: 0% of 512 MiB, non-heap usage: 23% of 384 MiB]
Using 8 worker leases.
Operational build model parameters: {requiresToolingModels=false, parallelProjectExecution=false, configureOnDemand=false, configurationCache=false, configurationCacheParallelStore=false, configurationCacheParallelLoad=true, isolatedProjects=false, parallelProjectConfiguration=false, intermediateModelCache=false, parallelToolingApiActions=false, invalidateCoupledProjects=false, modelAsProjectDependency=false, resilientModelBuilding=false}
Now considering [C:\Users\sachi\IdeaProjects\FIXMessanger] as hierarchies to watch
Watching the file system is configured to be enabled if available
File system watching is active
Starting Build
Settings evaluated using settings file 'C:\Users\sachi\IdeaProjects\FIXMessanger\settings.gradle'.
Projects loaded. Root project using build file 'C:\Users\sachi\IdeaProjects\FIXMessanger\build.gradle'.
Included projects: [root project 'FIXMessanger']

> Configure project :
Evaluating root project 'FIXMessanger' using build file 'C:\Users\sachi\IdeaProjects\FIXMessanger\build.gradle'.
All projects evaluated.
Task name matched 'test'
Selected primary task 'test' from project :
Tasks to be executed: [task ':createDirs', task ':xjc', task ':generateSource', task ':compileJava', task ':processResources', task ':classes', task ':compileTestJava', task ':processTestResources', task ':testClasses', task ':test']
Tasks that were excluded: []
Resolve mutations for :createDirs (Thread[#807,Execution worker,5,main]) started.
:createDirs (Thread[#807,Execution worker,5,main]) started.

> Task :createDirs
Caching disabled for task ':createDirs' because:
  Build cache is disabled
Task ':createDirs' is not up-to-date because:
  Task has not declared any outputs despite executing actions.
Resolve mutations for :xjc (Thread[#807,Execution worker,5,main]) started.
:xjc (Thread[#807,Execution worker,5,main]) started.

> Task :xjc
Caching disabled for task ':xjc' because:
  Build cache is disabled
Task ':xjc' is not up-to-date because:
  Task has not declared any outputs despite executing actions.
Running XJC...
Starting process 'command 'C:\Users\sachi\.jdks\openjdk-25.0.1\bin\java.exe''. Working directory: C:\Users\sachi\IdeaProjects\FIXMessanger Command: C:\Users\sachi\.jdks\openjdk-25.0.1\bin\java.exe -Dfile.encoding=UTF-8 -Duser.country=US -Duser.language=en -Duser.variant -cp C:\Users\sachi\.gradle\caches\modules-2\files-2.1\com.sun.xml.bind\jaxb-xjc\4.0.0\926dde084d326903f6564b905ba513fd99f65db1\jaxb-xjc-4.0.0.jar;C:\Users\sachi\.gradle\caches\modules-2\files-2.1\com.sun.xml.bind\jaxb-impl\4.0.0\925ceb2df66ff333f4264b0d4856e300195bc78c\jaxb-impl-4.0.0.jar;C:\Users\sachi\.gradle\caches\modules-2\files-2.1\com.sun.xml.bind\jaxb-core\4.0.0\f560f2e580d67950e1462cf3a3a21be51a281b42\jaxb-core-4.0.0.jar;C:\Users\sachi\.gradle\caches\modules-2\files-2.1\jakarta.xml.bind\jakarta.xml.bind-api\4.0.0\bbb399208d288b15ec101fa4fcfc4bd77cedc97a\jakarta.xml.bind-api-4.0.0.jar;C:\Users\sachi\.gradle\caches\modules-2\files-2.1\org.eclipse.angus\angus-activation\1.0.0\f0ceddd49f92109fbfad9125e958f5bfd3f2aa1\angus-activation-1.0.0.jar;C:\Users\sachi\.gradle\caches\modules-2\files-2.1\jakarta.activation\jakarta.activation-api\2.1.2\640c0d5aff45dbff1e1a1bc09673ff3a02b1ba12\jakarta.activation-api-2.1.2.jar com.sun.tools.xjc.XJCFacade -d C:\Users\sachi\IdeaProjects\FIXMessanger\build\gen-src\main\java -extension C:\Users\sachi\IdeaProjects\FIXMessanger\src\main\xsd\message.xsd C:\Users\sachi\IdeaProjects\FIXMessanger\src\main\xsd\project.xsd
Successfully started process 'command 'C:\Users\sachi\.jdks\openjdk-25.0.1\bin\java.exe''
parsing a schema...
compiling a schema...
com\sachin\fix\xml\BodyType.java
com\sachin\fix\xml\ComponentType.java
com\sachin\fix\xml\FieldType.java
com\sachin\fix\xml\GroupType.java
com\sachin\fix\xml\GroupsType.java
com\sachin\fix\xml\HeaderType.java
com\sachin\fix\xml\MessageType.java
com\sachin\fix\xml\MessagesType.java
com\sachin\fix\xml\ObjectFactory.java
com\sachin\fix\xml\ProjectType.java
com\sachin\fix\xml\SessionType.java
com\sachin\fix\xml\TrailerType.java
com\sachin\fix\xml\package-info.java
Resolve mutations for :generateSource (Thread[#807,Execution worker,5,main]) started.
:generateSource (Thread[#807,Execution worker,5,main]) started.

> Task :generateSource
Skipping task ':generateSource' as it has no actions.
Resolve mutations for :compileJava (Thread[#807,Execution worker,5,main]) started.
:compileJava (Thread[#807,Execution worker,5,main]) started.

> Task :compileJava UP-TO-DATE
file or directory 'C:\Users\sachi\IdeaProjects\FIXMessanger\lib\compile', not found
Caching disabled for task ':compileJava' because:
  Build cache is disabled
Skipping task ':compileJava' as it is up-to-date.
Resolve mutations for :processResources (Thread[#807,Execution worker,5,main]) started.
:processResources (Thread[#807,Execution worker,5,main]) started.

> Task :processResources UP-TO-DATE
Caching disabled for task ':processResources' because:
  Build cache is disabled
  Not worth caching
Skipping task ':processResources' as it is up-to-date.
Resolve mutations for :classes (Thread[#807,Execution worker,5,main]) started.
:classes (Thread[#807,Execution worker,5,main]) started.

> Task :classes UP-TO-DATE
Skipping task ':classes' as it has no actions.
Resolve mutations for :compileTestJava (Thread[#807,Execution worker,5,main]) started.
:compileTestJava (Thread[#807,Execution worker,5,main]) started.

> Task :compileTestJava UP-TO-DATE
file or directory 'C:\Users\sachi\IdeaProjects\FIXMessanger\lib\compile', not found
Caching disabled for task ':compileTestJava' because:
  Build cache is disabled
Skipping task ':compileTestJava' as it is up-to-date.
Resolve mutations for :processTestResources (Thread[#807,Execution worker,5,main]) started.
:processTestResources (Thread[#807,Execution worker,5,main]) started.

> Task :processTestResources NO-SOURCE
Skipping task ':processTestResources' as it has no source files and no previous output files.
Resolve mutations for :testClasses (Thread[#807,Execution worker,5,main]) started.
:testClasses (Thread[#807,Execution worker,5,main]) started.

> Task :testClasses UP-TO-DATE
Skipping task ':testClasses' as it has no actions.
Resolve mutations for :test (Thread[#807,Execution worker,5,main]) started.
:test (Thread[#807,Execution worker,5,main]) started.
Gradle Test Executor 2 started executing tests.
Gradle Test Executor 2 finished executing tests.

> Task :test
file or directory 'C:\Users\sachi\IdeaProjects\FIXMessanger\lib\compile', not found
Caching disabled for task ':test' because:
  Build cache is disabled
Task ':test' is not up-to-date because:
  Task has failed previously.
file or directory 'C:\Users\sachi\IdeaProjects\FIXMessanger\lib\compile', not found
Starting process 'Gradle Test Executor 2'. Working directory: C:\Users\sachi\IdeaProjects\FIXMessanger Command: C:\Users\sachi\.jdks\openjdk-25.0.1\bin\java.exe -Dorg.gradle.internal.worker.tmpdir=C:\Users\sachi\IdeaProjects\FIXMessanger\build\tmp\test\work @C:\Users\sachi\.gradle\.tmp\gradle-worker-classpath303023495669676351txt -Xmx512m -Dfile.encoding=UTF-8 -Duser.country=US -Duser.language=en -Duser.variant -ea worker.org.gradle.process.internal.worker.GradleWorkerMain 'Gradle Test Executor 2'
Successfully started process 'Gradle Test Executor 2'
Finished generating test XML results (0.003 secs) into: C:\Users\sachi\IdeaProjects\FIXMessanger\build\test-results\test
Generating HTML test report...
Finished generating test html results (0.028 secs) into: C:\Users\sachi\IdeaProjects\FIXMessanger\build\reports\tests\test

> Task :test FAILED
.\gradlew : 
At line:1 char:1
+ .\gradlew test --info > test-output.txt 2>&1 ; Get-Content test-outpu ...
+ ~~~~~~~~~~~~~~~~~~~~~~~~~~~~~~~~~~~~~~~~~~~~
    + CategoryInfo          : NotSpecified: (:String) [], RemoteException
    + FullyQualifiedErrorId : NativeCommandError
 
FAILURE: Build failed with an exception.

* What went wrong:
Execution failed for task ':test'.
> Test process encountered an unexpected problem.
   > Could not start Gradle Test Executor 2: Failed to load JUnit Platform.  Please ensure that all JUnit Platform 
dependencies are available on the test's runtime classpath, including the JUnit Platform launcher.

* Try:
> Check common problems https://docs.gradle.org/9.2.1/userguide/java_testing.html#sec:java_testing_troubleshooting.
> Run with --stacktrace option to get the stack trace.
> Run with --debug option to get more log output.
> Run with --scan to generate a Build Scan (powered by Develocity).
> Get more help at https://help.gradle.org.

BUILD FAILED in 6s
6 actionable tasks: 3 executed, 3 up-to-date
Watched directory hierarchies: [C:\Users\sachi\IdeaProjects\FIXMessanger]
